// Jest Snapshot v1, https://goo.gl/fbAQLP

exports[`<Show /> should match Snapshot with props 1`] = `
"<Col xs={6} sm={4} md={2} lg={2} xl={2} className=\\"thumbnail\\">
  <ForwardRef to={{...}}>
    <img src=\\"http://static.tvmaze.com/uploads/images/medium_portrait/81/202627.jpg\\" alt=\\"Under the Dome\\" style={{...}} />
    <div className=\\"thumbnail-desc\\">
      Under the Dome
    </div>
  </ForwardRef>
</Col>"
`;
